// Jest Snapshot v1, https://goo.gl/fbAQLP

exports[`Render App 1`] = `
<div>
  Hello World!
</div>
`;

exports[`should render 1`] = `
<div>
  Hello World!
</div>
`;
